Copyright 1986-2022 Xilinx, Inc. All Rights Reserved. Copyright 2022-2025 Advanced Micro Devices, Inc. All Rights Reserved.
-------------------------------------------------------------------------------------------------------------------------------------------------------------------
| Tool Version     : Vivado v.2025.1 (win64) Build 6140274 Thu May 22 00:12:29 MDT 2025
| Date             : Tue Aug 19 16:07:05 2025
| Host             : DESKTOP-JP2R5GF running 64-bit major release  (build 9200)
| Command          : report_power -file sys_top_wrapper_power_routed.rpt -pb sys_top_wrapper_power_summary_routed.pb -rpx sys_top_wrapper_power_routed.rpx
| Design           : sys_top_wrapper
| Device           : xczu17eg-ffvc1760-2-e
| Design State     : routed
| Grade            : extended
| Process          : typical
| Characterization : Production
-------------------------------------------------------------------------------------------------------------------------------------------------------------------

Power Report

Table of Contents
-----------------
1. Summary
1.1 On-Chip Components
1.2 Power Supply Summary
1.3 Confidence Level
2. Settings
2.1 Environment
2.2 Clock Constraints
3. Detailed Reports
3.1 By Hierarchy

1. Summary
----------

+--------------------------+--------------+
| Total On-Chip Power (W)  | 9.933        |
| Design Power Budget (W)  | Unspecified* |
| Power Budget Margin (W)  | NA           |
| Dynamic (W)              | 8.613        |
| Device Static (W)        | 1.320        |
| Effective TJA (C/W)      | 0.7          |
| Max Ambient (C)          | 92.7         |
| Junction Temperature (C) | 32.3         |
| Confidence Level         | Low          |
| Setting File             | ---          |
| Simulation Activity File | ---          |
| Design Nets Matched      | NA           |
+--------------------------+--------------+
* Specify Design Power Budget using, set_operating_conditions -design_power_budget <value in Watts>


1.1 On-Chip Components
----------------------

+--------------------------+-----------+----------+-----------+-----------------+
| On-Chip                  | Power (W) | Used     | Available | Utilization (%) |
+--------------------------+-----------+----------+-----------+-----------------+
| Clocks                   |     0.530 |       95 |       --- |             --- |
| CLB Logic                |     0.233 |   235411 |       --- |             --- |
|   LUT as Logic           |     0.160 |    86040 |    423403 |           20.32 |
|   LUT as Distributed RAM |     0.037 |     3628 |    161280 |            2.25 |
|   Register               |     0.020 |   109655 |    846806 |           12.95 |
|   LUT as Shift Register  |     0.013 |     1194 |    161280 |            0.74 |
|   CARRY8                 |     0.003 |      919 |     65340 |            1.41 |
|   Others                 |     0.000 |     5602 |       --- |             --- |
|   F7/F8 Muxes            |     0.000 |      977 |    522720 |            0.19 |
| Signals                  |     0.387 |   187067 |       --- |             --- |
| Block RAM                |     0.618 |    140.5 |       796 |           17.65 |
| MMCM                     |     0.394 |        0 |       --- |             --- |
| I/O                      |     0.427 |      130 |       512 |           25.39 |
| GTH                      |     3.926 |       16 |        32 |           50.00 |
| PS8                      |     1.707 |        1 |       --- |             --- |
| Hard IPs                 |     0.391 |        1 |       --- |             --- |
|   PCIE                   |     0.391 |        1 |       --- |             --- |
| Static Power             |     1.320 |          |           |                 |
|   PS Static              |     0.103 |          |           |                 |
|   PL Static              |     1.217 |          |           |                 |
| Total                    |     9.933 |          |           |                 |
+--------------------------+-----------+----------+-----------+-----------------+


1.2 Power Supply Summary
------------------------

+------------------+-------------+-----------+-------------+------------+-------------+-------------+------------+
| Source           | Voltage (V) | Total (A) | Dynamic (A) | Static (A) | Powerup (A) | Budget (A)  | Margin (A) |
+------------------+-------------+-----------+-------------+------------+-------------+-------------+------------+
| Vccint           |       0.850 |     3.556 |       3.168 |      0.388 |       NA    | Unspecified | NA         |
| Vccint_io        |       0.850 |     0.135 |       0.036 |      0.099 |       NA    | Unspecified | NA         |
| Vccbram          |       0.850 |     0.079 |       0.074 |      0.005 |       NA    | Unspecified | NA         |
| Vccaux           |       1.800 |     0.551 |       0.218 |      0.333 |       NA    | Unspecified | NA         |
| Vccaux_io        |       1.800 |     0.091 |       0.018 |      0.073 |       NA    | Unspecified | NA         |
| Vcco33           |       3.300 |     0.007 |       0.000 |      0.007 |       NA    | Unspecified | NA         |
| Vcco25           |       2.500 |     0.000 |       0.000 |      0.000 |       NA    | Unspecified | NA         |
| Vcco18           |       1.800 |     0.202 |       0.202 |      0.000 |       NA    | Unspecified | NA         |
| Vcco15           |       1.500 |     0.000 |       0.000 |      0.000 |       NA    | Unspecified | NA         |
| Vcco135          |       1.350 |     0.000 |       0.000 |      0.000 |       NA    | Unspecified | NA         |
| Vcco12           |       1.200 |     0.000 |       0.000 |      0.000 |       NA    | Unspecified | NA         |
| Vcco10           |       1.000 |     0.000 |       0.000 |      0.000 |       NA    | Unspecified | NA         |
| Vccadc           |       1.800 |     0.008 |       0.000 |      0.008 |       NA    | Unspecified | NA         |
| VCC_PSINTFP      |       0.850 |     1.100 |       1.061 |      0.039 |       NA    | Unspecified | NA         |
| VCC_PSINTLP      |       0.850 |     0.234 |       0.226 |      0.008 |       NA    | Unspecified | NA         |
| VPS_MGTRAVCC     |       0.850 |     0.001 |       0.000 |      0.001 |       NA    | Unspecified | NA         |
| VCC_PSINTFP_DDR  |       0.850 |     0.400 |       0.395 |      0.005 |       NA    | Unspecified | NA         |
| VCC_PSPLL        |       1.200 |     0.071 |       0.069 |      0.002 |       NA    | Unspecified | NA         |
| VPS_MGTRAVTT     |       1.800 |     0.001 |       0.000 |      0.001 |       NA    | Unspecified | NA         |
| VCCO_PSDDR_504   |       1.100 |     0.179 |       0.145 |      0.034 |       NA    | Unspecified | NA         |
| VCC_PSAUX        |       1.800 |     0.002 |       0.000 |      0.002 |       NA    | Unspecified | NA         |
| VCC_PSBATT       |       1.200 |     0.000 |       0.000 |      0.000 |       NA    | Unspecified | NA         |
| VCC_PSDDR_PLL    |       1.800 |     0.001 |       0.000 |      0.001 |       NA    | Unspecified | NA         |
| VCCO_PSIO0_500   |       3.300 |     0.008 |       0.007 |      0.001 |       NA    | Unspecified | NA         |
| VCCO_PSIO1_501   |       3.300 |     0.002 |       0.001 |      0.001 |       NA    | Unspecified | NA         |
| VCCO_PSIO2_502   |       3.300 |     0.002 |       0.001 |      0.001 |       NA    | Unspecified | NA         |
| VCCO_PSIO3_503   |       3.300 |     0.001 |       0.000 |      0.001 |       NA    | Unspecified | NA         |
| VCC_PSADC        |       1.800 |     0.002 |       0.000 |      0.002 |       NA    | Unspecified | NA         |
| VMGTAVCC (GTH)   |       0.900 |     1.054 |       1.044 |      0.010 |       NA    | Unspecified | NA         |
| VMGTAVTT (GTH)   |       1.200 |     1.938 |       1.920 |      0.019 |       NA    | Unspecified | NA         |
| VMGTVCCAUX (GTH) |       1.800 |     0.049 |       0.049 |      0.000 |       NA    | Unspecified | NA         |
| VMGTAVCC (GTY)   |       0.900 |     0.000 |       0.000 |      0.000 |       NA    | Unspecified | NA         |
| VMGTAVTT (GTY)   |       1.200 |     0.000 |       0.000 |      0.000 |       NA    | Unspecified | NA         |
| VMGTVCCAUX (GTY) |       1.800 |     0.000 |       0.000 |      0.000 |       NA    | Unspecified | NA         |
+------------------+-------------+-----------+-------------+------------+-------------+-------------+------------+


1.3 Confidence Level
--------------------

+-----------------------------+------------+--------------------------------------------------------+------------------------------------------------------------------------------------------------------------+
| User Input Data             | Confidence | Details                                                | Action                                                                                                     |
+-----------------------------+------------+--------------------------------------------------------+------------------------------------------------------------------------------------------------------------+
| Design implementation state | High       | Design is routed                                       |                                                                                                            |
| Clock nodes activity        | High       | User specified more than 95% of clocks                 |                                                                                                            |
| I/O nodes activity          | Low        | More than 75% of inputs are missing user specification | Provide missing input activity with simulation results or by editing the "By Resource Type -> I/Os" view   |
| Internal nodes activity     | Medium     | User specified less than 25% of internal nodes         | Provide missing internal nodes activity with simulation results or by editing the "By Resource Type" views |
| Device models               | High       | Device models are Production                           |                                                                                                            |
|                             |            |                                                        |                                                                                                            |
| Overall confidence level    | Low        |                                                        |                                                                                                            |
+-----------------------------+------------+--------------------------------------------------------+------------------------------------------------------------------------------------------------------------+


2. Settings
-----------

2.1 Environment
---------------

+-----------------------+--------------------------+
| Ambient Temp (C)      | 25.0                     |
| ThetaJA (C/W)         | 0.7                      |
| Airflow (LFM)         | 250                      |
| Heat Sink             | medium (Medium Profile)  |
| ThetaSA (C/W)         | 0.9                      |
| Board Selection       | medium (10"x10")         |
| # of Board Layers     | 12to15 (12 to 15 Layers) |
| Board Temperature (C) | 25.0                     |
+-----------------------+--------------------------+


2.2 Clock Constraints
---------------------

+------------------------------------------------------------------------------------------------------------------------------------------------------------------------------------------------------------------------------------------------------------------------------------------------------------------------------------------------------------------------------------------------------------------------------------------------------+---------------------------------------------------------------------------------------------------------------------------------------------------------------------------------------------------------------------------------------------------------------------------------------------------------------------------------------------------------------------------------------------------------------------------------------+-----------------+
| Clock                                                                                                                                                                                                                                                                                                                                                                                                                                                | Domain                                                                                                                                                                                                                                                                                                                                                                                                                                | Constraint (ns) |
+------------------------------------------------------------------------------------------------------------------------------------------------------------------------------------------------------------------------------------------------------------------------------------------------------------------------------------------------------------------------------------------------------------------------------------------------------+---------------------------------------------------------------------------------------------------------------------------------------------------------------------------------------------------------------------------------------------------------------------------------------------------------------------------------------------------------------------------------------------------------------------------------------+-----------------+
| GTHE4_CHANNEL_QPLL0CLK[0]                                                                                                                                                                                                                                                                                                                                                                                                                            | sys_top_i/nvme_ctrl_0/inst/pcie4_uscale_plus_0_i/inst/pcie4_uscale_plus_0_gt_top_i/diablo_gt.diablo_gt_phy_wrapper/gt_wizard.gtwizard_top_i/pcie4_uscale_plus_0_gt_i/inst/gen_gtwizard_gthe4_top.pcie4_uscale_plus_0_gt_gtwizard_gthe4_inst/gen_gtwizard_gthe4.gen_common.gen_common_container[0].gen_enabled_common.gthe4_common_wrapper_inst/common_inst/GTHE4_CHANNEL_QPLL0CLK[0]                                                  |             0.2 |
| GTHE4_CHANNEL_QPLL0CLK[0]_1                                                                                                                                                                                                                                                                                                                                                                                                                          | sys_top_i/nvme_ctrl_0/inst/pcie4_uscale_plus_0_i/inst/pcie4_uscale_plus_0_gt_top_i/diablo_gt.diablo_gt_phy_wrapper/gt_wizard.gtwizard_top_i/pcie4_uscale_plus_0_gt_i/inst/gen_gtwizard_gthe4_top.pcie4_uscale_plus_0_gt_gtwizard_gthe4_inst/gen_gtwizard_gthe4.gen_common.gen_common_container[1].gen_enabled_common.gthe4_common_wrapper_inst/common_inst/GTHE4_CHANNEL_QPLL0CLK[0]                                                  |             0.2 |
| GTHE4_CHANNEL_QPLL0CLK[0]_2                                                                                                                                                                                                                                                                                                                                                                                                                          | sys_top_i/nvme_ctrl_0/inst/pcie4_uscale_plus_0_i/inst/pcie4_uscale_plus_0_gt_top_i/diablo_gt.diablo_gt_phy_wrapper/gt_wizard.gtwizard_top_i/pcie4_uscale_plus_0_gt_i/inst/gen_gtwizard_gthe4_top.pcie4_uscale_plus_0_gt_gtwizard_gthe4_inst/gen_gtwizard_gthe4.gen_common.gen_common_container[2].gen_enabled_common.gthe4_common_wrapper_inst/common_inst/GTHE4_CHANNEL_QPLL0CLK[0]                                                  |             0.2 |
| GTHE4_CHANNEL_QPLL0CLK[0]_3                                                                                                                                                                                                                                                                                                                                                                                                                          | sys_top_i/nvme_ctrl_0/inst/pcie4_uscale_plus_0_i/inst/pcie4_uscale_plus_0_gt_top_i/diablo_gt.diablo_gt_phy_wrapper/gt_wizard.gtwizard_top_i/pcie4_uscale_plus_0_gt_i/inst/gen_gtwizard_gthe4_top.pcie4_uscale_plus_0_gt_gtwizard_gthe4_inst/gen_gtwizard_gthe4.gen_common.gen_common_container[3].gen_enabled_common.gthe4_common_wrapper_inst/common_inst/GTHE4_CHANNEL_QPLL0CLK[0]                                                  |             0.2 |
| GTHE4_CHANNEL_QPLL0REFCLK[0]                                                                                                                                                                                                                                                                                                                                                                                                                         | sys_top_i/nvme_ctrl_0/inst/pcie4_uscale_plus_0_i/inst/pcie4_uscale_plus_0_gt_top_i/diablo_gt.diablo_gt_phy_wrapper/gt_wizard.gtwizard_top_i/pcie4_uscale_plus_0_gt_i/inst/gen_gtwizard_gthe4_top.pcie4_uscale_plus_0_gt_gtwizard_gthe4_inst/gen_gtwizard_gthe4.gen_common.gen_common_container[0].gen_enabled_common.gthe4_common_wrapper_inst/common_inst/GTHE4_CHANNEL_QPLL0REFCLK[0]                                               |            10.0 |
| GTHE4_CHANNEL_QPLL0REFCLK[0]_1                                                                                                                                                                                                                                                                                                                                                                                                                       | sys_top_i/nvme_ctrl_0/inst/pcie4_uscale_plus_0_i/inst/pcie4_uscale_plus_0_gt_top_i/diablo_gt.diablo_gt_phy_wrapper/gt_wizard.gtwizard_top_i/pcie4_uscale_plus_0_gt_i/inst/gen_gtwizard_gthe4_top.pcie4_uscale_plus_0_gt_gtwizard_gthe4_inst/gen_gtwizard_gthe4.gen_common.gen_common_container[1].gen_enabled_common.gthe4_common_wrapper_inst/common_inst/GTHE4_CHANNEL_QPLL0REFCLK[0]                                               |            10.0 |
| GTHE4_CHANNEL_QPLL0REFCLK[0]_2                                                                                                                                                                                                                                                                                                                                                                                                                       | sys_top_i/nvme_ctrl_0/inst/pcie4_uscale_plus_0_i/inst/pcie4_uscale_plus_0_gt_top_i/diablo_gt.diablo_gt_phy_wrapper/gt_wizard.gtwizard_top_i/pcie4_uscale_plus_0_gt_i/inst/gen_gtwizard_gthe4_top.pcie4_uscale_plus_0_gt_gtwizard_gthe4_inst/gen_gtwizard_gthe4.gen_common.gen_common_container[2].gen_enabled_common.gthe4_common_wrapper_inst/common_inst/GTHE4_CHANNEL_QPLL0REFCLK[0]                                               |            10.0 |
| GTHE4_CHANNEL_QPLL0REFCLK[0]_3                                                                                                                                                                                                                                                                                                                                                                                                                       | sys_top_i/nvme_ctrl_0/inst/pcie4_uscale_plus_0_i/inst/pcie4_uscale_plus_0_gt_top_i/diablo_gt.diablo_gt_phy_wrapper/gt_wizard.gtwizard_top_i/pcie4_uscale_plus_0_gt_i/inst/gen_gtwizard_gthe4_top.pcie4_uscale_plus_0_gt_gtwizard_gthe4_inst/gen_gtwizard_gthe4.gen_common.gen_common_container[3].gen_enabled_common.gthe4_common_wrapper_inst/common_inst/GTHE4_CHANNEL_QPLL0REFCLK[0]                                               |            10.0 |
| GTHE4_CHANNEL_QPLL1CLK[0]                                                                                                                                                                                                                                                                                                                                                                                                                            | sys_top_i/nvme_ctrl_0/inst/pcie4_uscale_plus_0_i/inst/pcie4_uscale_plus_0_gt_top_i/diablo_gt.diablo_gt_phy_wrapper/gt_wizard.gtwizard_top_i/pcie4_uscale_plus_0_gt_i/inst/gen_gtwizard_gthe4_top.pcie4_uscale_plus_0_gt_gtwizard_gthe4_inst/gen_gtwizard_gthe4.gen_common.gen_common_container[0].gen_enabled_common.gthe4_common_wrapper_inst/common_inst/GTHE4_CHANNEL_QPLL1CLK[0]                                                  |             0.2 |
| GTHE4_CHANNEL_QPLL1CLK[0]_1                                                                                                                                                                                                                                                                                                                                                                                                                          | sys_top_i/nvme_ctrl_0/inst/pcie4_uscale_plus_0_i/inst/pcie4_uscale_plus_0_gt_top_i/diablo_gt.diablo_gt_phy_wrapper/gt_wizard.gtwizard_top_i/pcie4_uscale_plus_0_gt_i/inst/gen_gtwizard_gthe4_top.pcie4_uscale_plus_0_gt_gtwizard_gthe4_inst/gen_gtwizard_gthe4.gen_common.gen_common_container[1].gen_enabled_common.gthe4_common_wrapper_inst/common_inst/GTHE4_CHANNEL_QPLL1CLK[0]                                                  |             0.2 |
| GTHE4_CHANNEL_QPLL1CLK[0]_2                                                                                                                                                                                                                                                                                                                                                                                                                          | sys_top_i/nvme_ctrl_0/inst/pcie4_uscale_plus_0_i/inst/pcie4_uscale_plus_0_gt_top_i/diablo_gt.diablo_gt_phy_wrapper/gt_wizard.gtwizard_top_i/pcie4_uscale_plus_0_gt_i/inst/gen_gtwizard_gthe4_top.pcie4_uscale_plus_0_gt_gtwizard_gthe4_inst/gen_gtwizard_gthe4.gen_common.gen_common_container[2].gen_enabled_common.gthe4_common_wrapper_inst/common_inst/GTHE4_CHANNEL_QPLL1CLK[0]                                                  |             0.2 |
| GTHE4_CHANNEL_QPLL1CLK[0]_3                                                                                                                                                                                                                                                                                                                                                                                                                          | sys_top_i/nvme_ctrl_0/inst/pcie4_uscale_plus_0_i/inst/pcie4_uscale_plus_0_gt_top_i/diablo_gt.diablo_gt_phy_wrapper/gt_wizard.gtwizard_top_i/pcie4_uscale_plus_0_gt_i/inst/gen_gtwizard_gthe4_top.pcie4_uscale_plus_0_gt_gtwizard_gthe4_inst/gen_gtwizard_gthe4.gen_common.gen_common_container[3].gen_enabled_common.gthe4_common_wrapper_inst/common_inst/GTHE4_CHANNEL_QPLL1CLK[0]                                                  |             0.2 |
| GTHE4_CHANNEL_QPLL1REFCLK[0]                                                                                                                                                                                                                                                                                                                                                                                                                         | sys_top_i/nvme_ctrl_0/inst/pcie4_uscale_plus_0_i/inst/pcie4_uscale_plus_0_gt_top_i/diablo_gt.diablo_gt_phy_wrapper/gt_wizard.gtwizard_top_i/pcie4_uscale_plus_0_gt_i/inst/gen_gtwizard_gthe4_top.pcie4_uscale_plus_0_gt_gtwizard_gthe4_inst/gen_gtwizard_gthe4.gen_common.gen_common_container[0].gen_enabled_common.gthe4_common_wrapper_inst/common_inst/GTHE4_CHANNEL_QPLL1REFCLK[0]                                               |            10.0 |
| GTHE4_CHANNEL_QPLL1REFCLK[0]_1                                                                                                                                                                                                                                                                                                                                                                                                                       | sys_top_i/nvme_ctrl_0/inst/pcie4_uscale_plus_0_i/inst/pcie4_uscale_plus_0_gt_top_i/diablo_gt.diablo_gt_phy_wrapper/gt_wizard.gtwizard_top_i/pcie4_uscale_plus_0_gt_i/inst/gen_gtwizard_gthe4_top.pcie4_uscale_plus_0_gt_gtwizard_gthe4_inst/gen_gtwizard_gthe4.gen_common.gen_common_container[1].gen_enabled_common.gthe4_common_wrapper_inst/common_inst/GTHE4_CHANNEL_QPLL1REFCLK[0]                                               |            10.0 |
| GTHE4_CHANNEL_QPLL1REFCLK[0]_2                                                                                                                                                                                                                                                                                                                                                                                                                       | sys_top_i/nvme_ctrl_0/inst/pcie4_uscale_plus_0_i/inst/pcie4_uscale_plus_0_gt_top_i/diablo_gt.diablo_gt_phy_wrapper/gt_wizard.gtwizard_top_i/pcie4_uscale_plus_0_gt_i/inst/gen_gtwizard_gthe4_top.pcie4_uscale_plus_0_gt_gtwizard_gthe4_inst/gen_gtwizard_gthe4.gen_common.gen_common_container[2].gen_enabled_common.gthe4_common_wrapper_inst/common_inst/GTHE4_CHANNEL_QPLL1REFCLK[0]                                               |            10.0 |
| GTHE4_CHANNEL_QPLL1REFCLK[0]_3                                                                                                                                                                                                                                                                                                                                                                                                                       | sys_top_i/nvme_ctrl_0/inst/pcie4_uscale_plus_0_i/inst/pcie4_uscale_plus_0_gt_top_i/diablo_gt.diablo_gt_phy_wrapper/gt_wizard.gtwizard_top_i/pcie4_uscale_plus_0_gt_i/inst/gen_gtwizard_gthe4_top.pcie4_uscale_plus_0_gt_gtwizard_gthe4_inst/gen_gtwizard_gthe4.gen_common.gen_common_container[3].gen_enabled_common.gthe4_common_wrapper_inst/common_inst/GTHE4_CHANNEL_QPLL1REFCLK[0]                                               |            10.0 |
| GTHE4_CHANNEL_TXOUTCLK[0]                                                                                                                                                                                                                                                                                                                                                                                                                            | sys_top_i/nvme_ctrl_0/inst/pcie4_uscale_plus_0_i/inst/pcie4_uscale_plus_0_gt_top_i/diablo_gt.diablo_gt_phy_wrapper/gt_wizard.gtwizard_top_i/pcie4_uscale_plus_0_gt_i/inst/gen_gtwizard_gthe4_top.pcie4_uscale_plus_0_gt_gtwizard_gthe4_inst/gen_gtwizard_gthe4.gen_channel_container[0].gen_enabled_channel.gthe4_channel_wrapper_inst/channel_inst/GTHE4_CHANNEL_TXOUTCLK[0]                                                         |             2.0 |
| GTHE4_CHANNEL_TXOUTCLK[0]_1                                                                                                                                                                                                                                                                                                                                                                                                                          | sys_top_i/nvme_ctrl_0/inst/pcie4_uscale_plus_0_i/inst/pcie4_uscale_plus_0_gt_top_i/diablo_gt.diablo_gt_phy_wrapper/gt_wizard.gtwizard_top_i/pcie4_uscale_plus_0_gt_i/inst/gen_gtwizard_gthe4_top.pcie4_uscale_plus_0_gt_gtwizard_gthe4_inst/gen_gtwizard_gthe4.gen_channel_container[1].gen_enabled_channel.gthe4_channel_wrapper_inst/channel_inst/GTHE4_CHANNEL_TXOUTCLK[0]                                                         |             2.0 |
| GTHE4_CHANNEL_TXOUTCLK[0]_2                                                                                                                                                                                                                                                                                                                                                                                                                          | sys_top_i/nvme_ctrl_0/inst/pcie4_uscale_plus_0_i/inst/pcie4_uscale_plus_0_gt_top_i/diablo_gt.diablo_gt_phy_wrapper/gt_wizard.gtwizard_top_i/pcie4_uscale_plus_0_gt_i/inst/gen_gtwizard_gthe4_top.pcie4_uscale_plus_0_gt_gtwizard_gthe4_inst/gen_gtwizard_gthe4.gen_channel_container[2].gen_enabled_channel.gthe4_channel_wrapper_inst/channel_inst/GTHE4_CHANNEL_TXOUTCLK[0]                                                         |             2.0 |
| GTHE4_CHANNEL_TXOUTCLK[0]_3                                                                                                                                                                                                                                                                                                                                                                                                                          | sys_top_i/nvme_ctrl_0/inst/pcie4_uscale_plus_0_i/inst/pcie4_uscale_plus_0_gt_top_i/diablo_gt.diablo_gt_phy_wrapper/gt_wizard.gtwizard_top_i/pcie4_uscale_plus_0_gt_i/inst/gen_gtwizard_gthe4_top.pcie4_uscale_plus_0_gt_gtwizard_gthe4_inst/gen_gtwizard_gthe4.gen_channel_container[3].gen_enabled_channel.gthe4_channel_wrapper_inst/channel_inst/GTHE4_CHANNEL_TXOUTCLK[0]                                                         |             2.0 |
| GTHE4_CHANNEL_TXOUTCLK[1]                                                                                                                                                                                                                                                                                                                                                                                                                            | sys_top_i/nvme_ctrl_0/inst/pcie4_uscale_plus_0_i/inst/pcie4_uscale_plus_0_gt_top_i/diablo_gt.diablo_gt_phy_wrapper/gt_wizard.gtwizard_top_i/pcie4_uscale_plus_0_gt_i/inst/gen_gtwizard_gthe4_top.pcie4_uscale_plus_0_gt_gtwizard_gthe4_inst/gen_gtwizard_gthe4.gen_channel_container[0].gen_enabled_channel.gthe4_channel_wrapper_inst/channel_inst/GTHE4_CHANNEL_TXOUTCLK[1]                                                         |             2.0 |
| GTHE4_CHANNEL_TXOUTCLK[1]_1                                                                                                                                                                                                                                                                                                                                                                                                                          | sys_top_i/nvme_ctrl_0/inst/pcie4_uscale_plus_0_i/inst/pcie4_uscale_plus_0_gt_top_i/diablo_gt.diablo_gt_phy_wrapper/gt_wizard.gtwizard_top_i/pcie4_uscale_plus_0_gt_i/inst/gen_gtwizard_gthe4_top.pcie4_uscale_plus_0_gt_gtwizard_gthe4_inst/gen_gtwizard_gthe4.gen_channel_container[1].gen_enabled_channel.gthe4_channel_wrapper_inst/channel_inst/GTHE4_CHANNEL_TXOUTCLK[1]                                                         |             2.0 |
| GTHE4_CHANNEL_TXOUTCLK[1]_2                                                                                                                                                                                                                                                                                                                                                                                                                          | sys_top_i/nvme_ctrl_0/inst/pcie4_uscale_plus_0_i/inst/pcie4_uscale_plus_0_gt_top_i/diablo_gt.diablo_gt_phy_wrapper/gt_wizard.gtwizard_top_i/pcie4_uscale_plus_0_gt_i/inst/gen_gtwizard_gthe4_top.pcie4_uscale_plus_0_gt_gtwizard_gthe4_inst/gen_gtwizard_gthe4.gen_channel_container[2].gen_enabled_channel.gthe4_channel_wrapper_inst/channel_inst/GTHE4_CHANNEL_TXOUTCLK[1]                                                         |             2.0 |
| GTHE4_CHANNEL_TXOUTCLK[1]_3                                                                                                                                                                                                                                                                                                                                                                                                                          | sys_top_i/nvme_ctrl_0/inst/pcie4_uscale_plus_0_i/inst/pcie4_uscale_plus_0_gt_top_i/diablo_gt.diablo_gt_phy_wrapper/gt_wizard.gtwizard_top_i/pcie4_uscale_plus_0_gt_i/inst/gen_gtwizard_gthe4_top.pcie4_uscale_plus_0_gt_gtwizard_gthe4_inst/gen_gtwizard_gthe4.gen_channel_container[3].gen_enabled_channel.gthe4_channel_wrapper_inst/channel_inst/GTHE4_CHANNEL_TXOUTCLK[1]                                                         |             2.0 |
| GTHE4_CHANNEL_TXOUTCLK[2]                                                                                                                                                                                                                                                                                                                                                                                                                            | sys_top_i/nvme_ctrl_0/inst/pcie4_uscale_plus_0_i/inst/pcie4_uscale_plus_0_gt_top_i/diablo_gt.diablo_gt_phy_wrapper/gt_wizard.gtwizard_top_i/pcie4_uscale_plus_0_gt_i/inst/gen_gtwizard_gthe4_top.pcie4_uscale_plus_0_gt_gtwizard_gthe4_inst/gen_gtwizard_gthe4.gen_channel_container[0].gen_enabled_channel.gthe4_channel_wrapper_inst/channel_inst/GTHE4_CHANNEL_TXOUTCLK[2]                                                         |             2.0 |
| GTHE4_CHANNEL_TXOUTCLK[2]_1                                                                                                                                                                                                                                                                                                                                                                                                                          | sys_top_i/nvme_ctrl_0/inst/pcie4_uscale_plus_0_i/inst/pcie4_uscale_plus_0_gt_top_i/diablo_gt.diablo_gt_phy_wrapper/gt_wizard.gtwizard_top_i/pcie4_uscale_plus_0_gt_i/inst/gen_gtwizard_gthe4_top.pcie4_uscale_plus_0_gt_gtwizard_gthe4_inst/gen_gtwizard_gthe4.gen_channel_container[1].gen_enabled_channel.gthe4_channel_wrapper_inst/channel_inst/GTHE4_CHANNEL_TXOUTCLK[2]                                                         |             2.0 |
| GTHE4_CHANNEL_TXOUTCLK[2]_2                                                                                                                                                                                                                                                                                                                                                                                                                          | sys_top_i/nvme_ctrl_0/inst/pcie4_uscale_plus_0_i/inst/pcie4_uscale_plus_0_gt_top_i/diablo_gt.diablo_gt_phy_wrapper/gt_wizard.gtwizard_top_i/pcie4_uscale_plus_0_gt_i/inst/gen_gtwizard_gthe4_top.pcie4_uscale_plus_0_gt_gtwizard_gthe4_inst/gen_gtwizard_gthe4.gen_channel_container[2].gen_enabled_channel.gthe4_channel_wrapper_inst/channel_inst/GTHE4_CHANNEL_TXOUTCLK[2]                                                         |             2.0 |
| GTHE4_CHANNEL_TXOUTCLK[2]_3                                                                                                                                                                                                                                                                                                                                                                                                                          | sys_top_i/nvme_ctrl_0/inst/pcie4_uscale_plus_0_i/inst/pcie4_uscale_plus_0_gt_top_i/diablo_gt.diablo_gt_phy_wrapper/gt_wizard.gtwizard_top_i/pcie4_uscale_plus_0_gt_i/inst/gen_gtwizard_gthe4_top.pcie4_uscale_plus_0_gt_gtwizard_gthe4_inst/gen_gtwizard_gthe4.gen_channel_container[3].gen_enabled_channel.gthe4_channel_wrapper_inst/channel_inst/GTHE4_CHANNEL_TXOUTCLK[2]                                                         |             2.0 |
| GTHE4_CHANNEL_TXOUTCLK[3]                                                                                                                                                                                                                                                                                                                                                                                                                            | sys_top_i/nvme_ctrl_0/inst/pcie4_uscale_plus_0_i/inst/pcie4_uscale_plus_0_gt_top_i/diablo_gt.diablo_gt_phy_wrapper/gt_wizard.gtwizard_top_i/pcie4_uscale_plus_0_gt_i/inst/gen_gtwizard_gthe4_top.pcie4_uscale_plus_0_gt_gtwizard_gthe4_inst/gen_gtwizard_gthe4.gen_channel_container[0].gen_enabled_channel.gthe4_channel_wrapper_inst/channel_inst/GTHE4_CHANNEL_TXOUTCLK[3]                                                         |             2.0 |
| GTHE4_CHANNEL_TXOUTCLK[3]_1                                                                                                                                                                                                                                                                                                                                                                                                                          | sys_top_i/nvme_ctrl_0/inst/pcie4_uscale_plus_0_i/inst/pcie4_uscale_plus_0_gt_top_i/diablo_gt.diablo_gt_phy_wrapper/gt_wizard.gtwizard_top_i/pcie4_uscale_plus_0_gt_i/inst/gen_gtwizard_gthe4_top.pcie4_uscale_plus_0_gt_gtwizard_gthe4_inst/gen_gtwizard_gthe4.gen_channel_container[1].gen_enabled_channel.gthe4_channel_wrapper_inst/channel_inst/GTHE4_CHANNEL_TXOUTCLK[3]                                                         |             2.0 |
| GTHE4_CHANNEL_TXOUTCLK[3]_2                                                                                                                                                                                                                                                                                                                                                                                                                          | sys_top_i/nvme_ctrl_0/inst/pcie4_uscale_plus_0_i/inst/pcie4_uscale_plus_0_gt_top_i/diablo_gt.diablo_gt_phy_wrapper/gt_wizard.gtwizard_top_i/pcie4_uscale_plus_0_gt_i/inst/gen_gtwizard_gthe4_top.pcie4_uscale_plus_0_gt_gtwizard_gthe4_inst/gen_gtwizard_gthe4.gen_channel_container[2].gen_enabled_channel.gthe4_channel_wrapper_inst/channel_inst/GTHE4_CHANNEL_TXOUTCLK[3]                                                         |             2.0 |
| GTHE4_CHANNEL_TXOUTCLK[3]_3                                                                                                                                                                                                                                                                                                                                                                                                                          | sys_top_i/nvme_ctrl_0/inst/pcie4_uscale_plus_0_i/inst/pcie4_uscale_plus_0_gt_top_i/diablo_gt.diablo_gt_phy_wrapper/gt_wizard.gtwizard_top_i/pcie4_uscale_plus_0_gt_i/inst/gen_gtwizard_gthe4_top.pcie4_uscale_plus_0_gt_gtwizard_gthe4_inst/gen_gtwizard_gthe4.gen_channel_container[3].gen_enabled_channel.gthe4_channel_wrapper_inst/channel_inst/GTHE4_CHANNEL_TXOUTCLK[3]                                                         |             2.0 |
| clk_out1_sys_top_clk_wiz_0_0                                                                                                                                                                                                                                                                                                                                                                                                                         | sys_top_i/pll_bank10/inst/clk_out1                                                                                                                                                                                                                                                                                                                                                                                                    |             7.5 |
| clk_out1_sys_top_clk_wiz_0_0                                                                                                                                                                                                                                                                                                                                                                                                                         | sys_top_i/pll_bank10/inst/clk_out1_sys_top_clk_wiz_0_0                                                                                                                                                                                                                                                                                                                                                                                |             7.5 |
| clk_out1_sys_top_pll_bank11_0                                                                                                                                                                                                                                                                                                                                                                                                                        | sys_top_i/pll_bank11/inst/clk_out1                                                                                                                                                                                                                                                                                                                                                                                                    |             7.5 |
| clk_out1_sys_top_pll_bank11_0                                                                                                                                                                                                                                                                                                                                                                                                                        | sys_top_i/pll_bank11/inst/clk_out1_sys_top_pll_bank11_0                                                                                                                                                                                                                                                                                                                                                                               |             7.5 |
| clk_out1_sys_top_pll_bank12_0                                                                                                                                                                                                                                                                                                                                                                                                                        | sys_top_i/pll_bank12/inst/clk_out1                                                                                                                                                                                                                                                                                                                                                                                                    |             7.5 |
| clk_out1_sys_top_pll_bank12_0                                                                                                                                                                                                                                                                                                                                                                                                                        | sys_top_i/pll_bank12/inst/clk_out1_sys_top_pll_bank12_0                                                                                                                                                                                                                                                                                                                                                                               |             7.5 |
| clk_out1_sys_top_pll_bank13_0                                                                                                                                                                                                                                                                                                                                                                                                                        | sys_top_i/pll_bank13/inst/clk_out1                                                                                                                                                                                                                                                                                                                                                                                                    |             7.5 |
| clk_out1_sys_top_pll_bank13_0                                                                                                                                                                                                                                                                                                                                                                                                                        | sys_top_i/pll_bank13/inst/clk_out1_sys_top_pll_bank13_0                                                                                                                                                                                                                                                                                                                                                                               |             7.5 |
| clk_out2_sys_top_clk_wiz_0_0                                                                                                                                                                                                                                                                                                                                                                                                                         | sys_top_i/pll_bank10/inst/clk_out2                                                                                                                                                                                                                                                                                                                                                                                                    |            15.0 |
| clk_out2_sys_top_clk_wiz_0_0                                                                                                                                                                                                                                                                                                                                                                                                                         | sys_top_i/pll_bank10/inst/clk_out2_sys_top_clk_wiz_0_0                                                                                                                                                                                                                                                                                                                                                                                |            15.0 |
| clk_out2_sys_top_pll_bank11_0                                                                                                                                                                                                                                                                                                                                                                                                                        | sys_top_i/pll_bank11/inst/clk_out2                                                                                                                                                                                                                                                                                                                                                                                                    |            15.0 |
| clk_out2_sys_top_pll_bank11_0                                                                                                                                                                                                                                                                                                                                                                                                                        | sys_top_i/pll_bank11/inst/clk_out2_sys_top_pll_bank11_0                                                                                                                                                                                                                                                                                                                                                                               |            15.0 |
| clk_out2_sys_top_pll_bank12_0                                                                                                                                                                                                                                                                                                                                                                                                                        | sys_top_i/pll_bank12/inst/clk_out2                                                                                                                                                                                                                                                                                                                                                                                                    |            15.0 |
| clk_out2_sys_top_pll_bank12_0                                                                                                                                                                                                                                                                                                                                                                                                                        | sys_top_i/pll_bank12/inst/clk_out2_sys_top_pll_bank12_0                                                                                                                                                                                                                                                                                                                                                                               |            15.0 |
| clk_out2_sys_top_pll_bank13_0                                                                                                                                                                                                                                                                                                                                                                                                                        | sys_top_i/pll_bank13/inst/clk_out2                                                                                                                                                                                                                                                                                                                                                                                                    |            15.0 |
| clk_out2_sys_top_pll_bank13_0                                                                                                                                                                                                                                                                                                                                                                                                                        | sys_top_i/pll_bank13/inst/clk_out2_sys_top_pll_bank13_0                                                                                                                                                                                                                                                                                                                                                                               |            15.0 |
| clk_out3_sys_top_clk_wiz_0_0                                                                                                                                                                                                                                                                                                                                                                                                                         | sys_top_i/pll_bank10/inst/clk_out3_sys_top_clk_wiz_0_0                                                                                                                                                                                                                                                                                                                                                                                |             3.3 |
| clk_out3_sys_top_pll_bank11_0                                                                                                                                                                                                                                                                                                                                                                                                                        | sys_top_i/pll_bank11/inst/clk_out3_sys_top_pll_bank11_0                                                                                                                                                                                                                                                                                                                                                                               |             3.3 |
| clk_out3_sys_top_pll_bank12_0                                                                                                                                                                                                                                                                                                                                                                                                                        | sys_top_i/pll_bank12/inst/clk_out3_sys_top_pll_bank12_0                                                                                                                                                                                                                                                                                                                                                                               |             3.3 |
| clk_out3_sys_top_pll_bank13_0                                                                                                                                                                                                                                                                                                                                                                                                                        | sys_top_i/pll_bank13/inst/clk_out3_sys_top_pll_bank13_0                                                                                                                                                                                                                                                                                                                                                                               |             3.3 |
| clk_pl_0                                                                                                                                                                                                                                                                                                                                                                                                                                             | sys_top_i/zynq_ultra_ps_e_0/inst/pl_clk_unbuffered[0]                                                                                                                                                                                                                                                                                                                                                                                 |            15.0 |
| clk_pl_1                                                                                                                                                                                                                                                                                                                                                                                                                                             | sys_top_i/zynq_ultra_ps_e_0/inst/pl_clk_unbuffered[1]                                                                                                                                                                                                                                                                                                                                                                                 |             5.0 |
| clk_pl_2                                                                                                                                                                                                                                                                                                                                                                                                                                             | sys_top_i/zynq_ultra_ps_e_0/inst/pl_clk_unbuffered[2]                                                                                                                                                                                                                                                                                                                                                                                 |             5.0 |
| clk_pl_3                                                                                                                                                                                                                                                                                                                                                                                                                                             | sys_top_i/zynq_ultra_ps_e_0/inst/pl_clk_unbuffered[3]                                                                                                                                                                                                                                                                                                                                                                                 |             4.0 |
| clkfbout_sys_top_clk_wiz_0_0                                                                                                                                                                                                                                                                                                                                                                                                                         | sys_top_i/pll_bank10/inst/clkfbout_sys_top_clk_wiz_0_0                                                                                                                                                                                                                                                                                                                                                                                |            15.0 |
| clkfbout_sys_top_pll_bank11_0                                                                                                                                                                                                                                                                                                                                                                                                                        | sys_top_i/pll_bank11/inst/clkfbout_sys_top_pll_bank11_0                                                                                                                                                                                                                                                                                                                                                                               |            15.0 |
| clkfbout_sys_top_pll_bank12_0                                                                                                                                                                                                                                                                                                                                                                                                                        | sys_top_i/pll_bank12/inst/clkfbout_sys_top_pll_bank12_0                                                                                                                                                                                                                                                                                                                                                                               |            15.0 |
| clkfbout_sys_top_pll_bank13_0                                                                                                                                                                                                                                                                                                                                                                                                                        | sys_top_i/pll_bank13/inst/clkfbout_sys_top_pll_bank13_0                                                                                                                                                                                                                                                                                                                                                                               |            15.0 |
| diablo_gt.diablo_gt_phy_wrapper/pclk2_gt                                                                                                                                                                                                                                                                                                                                                                                                             | sys_top_i/nvme_ctrl_0/inst/pcie4_uscale_plus_0_i/inst/pcie4_uscale_plus_0_gt_top_i/diablo_gt.diablo_gt_phy_wrapper/phy_clk_i/CLK_PCLK2_GT                                                                                                                                                                                                                                                                                             |             4.0 |
| nand_ch0_dqs_as_clk                                                                                                                                                                                                                                                                                                                                                                                                                                  | sys_top_i/v2nfc_0/inst/Inst_NPhy_Toggle_Top/Inst_NPhy_Toggle_Pinpad/Inst_DQSIOBUFDS/OUT                                                                                                                                                                                                                                                                                                                                               |            15.0 |
| nand_ch1_dqs_as_clk                                                                                                                                                                                                                                                                                                                                                                                                                                  | sys_top_i/v2nfc_1/inst/Inst_NPhy_Toggle_Top/Inst_NPhy_Toggle_Pinpad/Inst_DQSIOBUFDS/OUT                                                                                                                                                                                                                                                                                                                                               |            15.0 |
| nand_ch2_dqs_as_clk                                                                                                                                                                                                                                                                                                                                                                                                                                  | sys_top_i/v2nfc_2/inst/Inst_NPhy_Toggle_Top/Inst_NPhy_Toggle_Pinpad/Inst_DQSIOBUFDS/OUT                                                                                                                                                                                                                                                                                                                                               |            15.0 |
| nand_ch3_dqs_as_clk                                                                                                                                                                                                                                                                                                                                                                                                                                  | sys_top_i/v2nfc_3/inst/Inst_NPhy_Toggle_Top/Inst_NPhy_Toggle_Pinpad/Inst_DQSIOBUFDS/OUT                                                                                                                                                                                                                                                                                                                                               |            15.0 |
| pcie4_uscale_plus_0_gt_top_i_n_116                                                                                                                                                                                                                                                                                                                                                                                                                   | sys_top_i/nvme_ctrl_0/inst/pcie4_uscale_plus_0_i/inst/pcie4_uscale_plus_0_gt_top_i/diablo_gt.diablo_gt_phy_wrapper/phy_clk_i/CLK_MCAPCLK                                                                                                                                                                                                                                                                                              |             8.0 |
| sys_clk                                                                                                                                                                                                                                                                                                                                                                                                                                              | pcie_ref_clk_p                                                                                                                                                                                                                                                                                                                                                                                                                        |            10.0 |
| sys_top_i/nvme_ctrl_0/inst/pcie4_uscale_plus_0_i/inst/pcie4_uscale_plus_0_gt_top_i/diablo_gt.diablo_gt_phy_wrapper/gt_wizard.gtwizard_top_i/pcie4_uscale_plus_0_gt_i/inst/gen_gtwizard_gthe4_top.pcie4_uscale_plus_0_gt_gtwizard_gthe4_inst/gen_gtwizard_gthe4.gen_cpll_cal_gthe4.gen_cpll_cal_inst[0].gen_inst_cpll_cal.gtwizard_ultrascale_v1_7_20_gthe4_cpll_cal_inst/gtwizard_ultrascale_v1_7_20_gthe4_cpll_cal_tx_i/bufg_gt_txoutclkmon_inst/O  | sys_top_i/nvme_ctrl_0/inst/pcie4_uscale_plus_0_i/inst/pcie4_uscale_plus_0_gt_top_i/diablo_gt.diablo_gt_phy_wrapper/gt_wizard.gtwizard_top_i/pcie4_uscale_plus_0_gt_i/inst/gen_gtwizard_gthe4_top.pcie4_uscale_plus_0_gt_gtwizard_gthe4_inst/gen_gtwizard_gthe4.gen_cpll_cal_gthe4.gen_cpll_cal_inst[0].gen_inst_cpll_cal.gtwizard_ultrascale_v1_7_20_gthe4_cpll_cal_inst/gtwizard_ultrascale_v1_7_20_gthe4_cpll_cal_tx_i/txoutclkmon  |             8.0 |
| sys_top_i/nvme_ctrl_0/inst/pcie4_uscale_plus_0_i/inst/pcie4_uscale_plus_0_gt_top_i/diablo_gt.diablo_gt_phy_wrapper/gt_wizard.gtwizard_top_i/pcie4_uscale_plus_0_gt_i/inst/gen_gtwizard_gthe4_top.pcie4_uscale_plus_0_gt_gtwizard_gthe4_inst/gen_gtwizard_gthe4.gen_cpll_cal_gthe4.gen_cpll_cal_inst[10].gen_inst_cpll_cal.gtwizard_ultrascale_v1_7_20_gthe4_cpll_cal_inst/gtwizard_ultrascale_v1_7_20_gthe4_cpll_cal_tx_i/bufg_gt_txoutclkmon_inst/O | sys_top_i/nvme_ctrl_0/inst/pcie4_uscale_plus_0_i/inst/pcie4_uscale_plus_0_gt_top_i/diablo_gt.diablo_gt_phy_wrapper/gt_wizard.gtwizard_top_i/pcie4_uscale_plus_0_gt_i/inst/gen_gtwizard_gthe4_top.pcie4_uscale_plus_0_gt_gtwizard_gthe4_inst/gen_gtwizard_gthe4.gen_cpll_cal_gthe4.gen_cpll_cal_inst[10].gen_inst_cpll_cal.gtwizard_ultrascale_v1_7_20_gthe4_cpll_cal_inst/gtwizard_ultrascale_v1_7_20_gthe4_cpll_cal_tx_i/txoutclkmon |             8.0 |
| sys_top_i/nvme_ctrl_0/inst/pcie4_uscale_plus_0_i/inst/pcie4_uscale_plus_0_gt_top_i/diablo_gt.diablo_gt_phy_wrapper/gt_wizard.gtwizard_top_i/pcie4_uscale_plus_0_gt_i/inst/gen_gtwizard_gthe4_top.pcie4_uscale_plus_0_gt_gtwizard_gthe4_inst/gen_gtwizard_gthe4.gen_cpll_cal_gthe4.gen_cpll_cal_inst[11].gen_inst_cpll_cal.gtwizard_ultrascale_v1_7_20_gthe4_cpll_cal_inst/gtwizard_ultrascale_v1_7_20_gthe4_cpll_cal_tx_i/bufg_gt_txoutclkmon_inst/O | sys_top_i/nvme_ctrl_0/inst/pcie4_uscale_plus_0_i/inst/pcie4_uscale_plus_0_gt_top_i/diablo_gt.diablo_gt_phy_wrapper/gt_wizard.gtwizard_top_i/pcie4_uscale_plus_0_gt_i/inst/gen_gtwizard_gthe4_top.pcie4_uscale_plus_0_gt_gtwizard_gthe4_inst/gen_gtwizard_gthe4.gen_cpll_cal_gthe4.gen_cpll_cal_inst[11].gen_inst_cpll_cal.gtwizard_ultrascale_v1_7_20_gthe4_cpll_cal_inst/gtwizard_ultrascale_v1_7_20_gthe4_cpll_cal_tx_i/txoutclkmon |             8.0 |
| sys_top_i/nvme_ctrl_0/inst/pcie4_uscale_plus_0_i/inst/pcie4_uscale_plus_0_gt_top_i/diablo_gt.diablo_gt_phy_wrapper/gt_wizard.gtwizard_top_i/pcie4_uscale_plus_0_gt_i/inst/gen_gtwizard_gthe4_top.pcie4_uscale_plus_0_gt_gtwizard_gthe4_inst/gen_gtwizard_gthe4.gen_cpll_cal_gthe4.gen_cpll_cal_inst[12].gen_inst_cpll_cal.gtwizard_ultrascale_v1_7_20_gthe4_cpll_cal_inst/gtwizard_ultrascale_v1_7_20_gthe4_cpll_cal_tx_i/bufg_gt_txoutclkmon_inst/O | sys_top_i/nvme_ctrl_0/inst/pcie4_uscale_plus_0_i/inst/pcie4_uscale_plus_0_gt_top_i/diablo_gt.diablo_gt_phy_wrapper/gt_wizard.gtwizard_top_i/pcie4_uscale_plus_0_gt_i/inst/gen_gtwizard_gthe4_top.pcie4_uscale_plus_0_gt_gtwizard_gthe4_inst/gen_gtwizard_gthe4.gen_cpll_cal_gthe4.gen_cpll_cal_inst[12].gen_inst_cpll_cal.gtwizard_ultrascale_v1_7_20_gthe4_cpll_cal_inst/gtwizard_ultrascale_v1_7_20_gthe4_cpll_cal_tx_i/txoutclkmon |             8.0 |
| sys_top_i/nvme_ctrl_0/inst/pcie4_uscale_plus_0_i/inst/pcie4_uscale_plus_0_gt_top_i/diablo_gt.diablo_gt_phy_wrapper/gt_wizard.gtwizard_top_i/pcie4_uscale_plus_0_gt_i/inst/gen_gtwizard_gthe4_top.pcie4_uscale_plus_0_gt_gtwizard_gthe4_inst/gen_gtwizard_gthe4.gen_cpll_cal_gthe4.gen_cpll_cal_inst[13].gen_inst_cpll_cal.gtwizard_ultrascale_v1_7_20_gthe4_cpll_cal_inst/gtwizard_ultrascale_v1_7_20_gthe4_cpll_cal_tx_i/bufg_gt_txoutclkmon_inst/O | sys_top_i/nvme_ctrl_0/inst/pcie4_uscale_plus_0_i/inst/pcie4_uscale_plus_0_gt_top_i/diablo_gt.diablo_gt_phy_wrapper/gt_wizard.gtwizard_top_i/pcie4_uscale_plus_0_gt_i/inst/gen_gtwizard_gthe4_top.pcie4_uscale_plus_0_gt_gtwizard_gthe4_inst/gen_gtwizard_gthe4.gen_cpll_cal_gthe4.gen_cpll_cal_inst[13].gen_inst_cpll_cal.gtwizard_ultrascale_v1_7_20_gthe4_cpll_cal_inst/gtwizard_ultrascale_v1_7_20_gthe4_cpll_cal_tx_i/txoutclkmon |             8.0 |
| sys_top_i/nvme_ctrl_0/inst/pcie4_uscale_plus_0_i/inst/pcie4_uscale_plus_0_gt_top_i/diablo_gt.diablo_gt_phy_wrapper/gt_wizard.gtwizard_top_i/pcie4_uscale_plus_0_gt_i/inst/gen_gtwizard_gthe4_top.pcie4_uscale_plus_0_gt_gtwizard_gthe4_inst/gen_gtwizard_gthe4.gen_cpll_cal_gthe4.gen_cpll_cal_inst[14].gen_inst_cpll_cal.gtwizard_ultrascale_v1_7_20_gthe4_cpll_cal_inst/gtwizard_ultrascale_v1_7_20_gthe4_cpll_cal_tx_i/bufg_gt_txoutclkmon_inst/O | sys_top_i/nvme_ctrl_0/inst/pcie4_uscale_plus_0_i/inst/pcie4_uscale_plus_0_gt_top_i/diablo_gt.diablo_gt_phy_wrapper/gt_wizard.gtwizard_top_i/pcie4_uscale_plus_0_gt_i/inst/gen_gtwizard_gthe4_top.pcie4_uscale_plus_0_gt_gtwizard_gthe4_inst/gen_gtwizard_gthe4.gen_cpll_cal_gthe4.gen_cpll_cal_inst[14].gen_inst_cpll_cal.gtwizard_ultrascale_v1_7_20_gthe4_cpll_cal_inst/gtwizard_ultrascale_v1_7_20_gthe4_cpll_cal_tx_i/txoutclkmon |             8.0 |
| sys_top_i/nvme_ctrl_0/inst/pcie4_uscale_plus_0_i/inst/pcie4_uscale_plus_0_gt_top_i/diablo_gt.diablo_gt_phy_wrapper/gt_wizard.gtwizard_top_i/pcie4_uscale_plus_0_gt_i/inst/gen_gtwizard_gthe4_top.pcie4_uscale_plus_0_gt_gtwizard_gthe4_inst/gen_gtwizard_gthe4.gen_cpll_cal_gthe4.gen_cpll_cal_inst[15].gen_inst_cpll_cal.gtwizard_ultrascale_v1_7_20_gthe4_cpll_cal_inst/gtwizard_ultrascale_v1_7_20_gthe4_cpll_cal_tx_i/bufg_gt_txoutclkmon_inst/O | sys_top_i/nvme_ctrl_0/inst/pcie4_uscale_plus_0_i/inst/pcie4_uscale_plus_0_gt_top_i/diablo_gt.diablo_gt_phy_wrapper/gt_wizard.gtwizard_top_i/pcie4_uscale_plus_0_gt_i/inst/gen_gtwizard_gthe4_top.pcie4_uscale_plus_0_gt_gtwizard_gthe4_inst/gen_gtwizard_gthe4.gen_cpll_cal_gthe4.gen_cpll_cal_inst[15].gen_inst_cpll_cal.gtwizard_ultrascale_v1_7_20_gthe4_cpll_cal_inst/gtwizard_ultrascale_v1_7_20_gthe4_cpll_cal_tx_i/txoutclkmon |             8.0 |
| sys_top_i/nvme_ctrl_0/inst/pcie4_uscale_plus_0_i/inst/pcie4_uscale_plus_0_gt_top_i/diablo_gt.diablo_gt_phy_wrapper/gt_wizard.gtwizard_top_i/pcie4_uscale_plus_0_gt_i/inst/gen_gtwizard_gthe4_top.pcie4_uscale_plus_0_gt_gtwizard_gthe4_inst/gen_gtwizard_gthe4.gen_cpll_cal_gthe4.gen_cpll_cal_inst[1].gen_inst_cpll_cal.gtwizard_ultrascale_v1_7_20_gthe4_cpll_cal_inst/gtwizard_ultrascale_v1_7_20_gthe4_cpll_cal_tx_i/bufg_gt_txoutclkmon_inst/O  | sys_top_i/nvme_ctrl_0/inst/pcie4_uscale_plus_0_i/inst/pcie4_uscale_plus_0_gt_top_i/diablo_gt.diablo_gt_phy_wrapper/gt_wizard.gtwizard_top_i/pcie4_uscale_plus_0_gt_i/inst/gen_gtwizard_gthe4_top.pcie4_uscale_plus_0_gt_gtwizard_gthe4_inst/gen_gtwizard_gthe4.gen_cpll_cal_gthe4.gen_cpll_cal_inst[1].gen_inst_cpll_cal.gtwizard_ultrascale_v1_7_20_gthe4_cpll_cal_inst/gtwizard_ultrascale_v1_7_20_gthe4_cpll_cal_tx_i/txoutclkmon  |             8.0 |
| sys_top_i/nvme_ctrl_0/inst/pcie4_uscale_plus_0_i/inst/pcie4_uscale_plus_0_gt_top_i/diablo_gt.diablo_gt_phy_wrapper/gt_wizard.gtwizard_top_i/pcie4_uscale_plus_0_gt_i/inst/gen_gtwizard_gthe4_top.pcie4_uscale_plus_0_gt_gtwizard_gthe4_inst/gen_gtwizard_gthe4.gen_cpll_cal_gthe4.gen_cpll_cal_inst[2].gen_inst_cpll_cal.gtwizard_ultrascale_v1_7_20_gthe4_cpll_cal_inst/gtwizard_ultrascale_v1_7_20_gthe4_cpll_cal_tx_i/bufg_gt_txoutclkmon_inst/O  | sys_top_i/nvme_ctrl_0/inst/pcie4_uscale_plus_0_i/inst/pcie4_uscale_plus_0_gt_top_i/diablo_gt.diablo_gt_phy_wrapper/gt_wizard.gtwizard_top_i/pcie4_uscale_plus_0_gt_i/inst/gen_gtwizard_gthe4_top.pcie4_uscale_plus_0_gt_gtwizard_gthe4_inst/gen_gtwizard_gthe4.gen_cpll_cal_gthe4.gen_cpll_cal_inst[2].gen_inst_cpll_cal.gtwizard_ultrascale_v1_7_20_gthe4_cpll_cal_inst/gtwizard_ultrascale_v1_7_20_gthe4_cpll_cal_tx_i/txoutclkmon  |             8.0 |
| sys_top_i/nvme_ctrl_0/inst/pcie4_uscale_plus_0_i/inst/pcie4_uscale_plus_0_gt_top_i/diablo_gt.diablo_gt_phy_wrapper/gt_wizard.gtwizard_top_i/pcie4_uscale_plus_0_gt_i/inst/gen_gtwizard_gthe4_top.pcie4_uscale_plus_0_gt_gtwizard_gthe4_inst/gen_gtwizard_gthe4.gen_cpll_cal_gthe4.gen_cpll_cal_inst[3].gen_inst_cpll_cal.gtwizard_ultrascale_v1_7_20_gthe4_cpll_cal_inst/gtwizard_ultrascale_v1_7_20_gthe4_cpll_cal_tx_i/bufg_gt_txoutclkmon_inst/O  | sys_top_i/nvme_ctrl_0/inst/pcie4_uscale_plus_0_i/inst/pcie4_uscale_plus_0_gt_top_i/diablo_gt.diablo_gt_phy_wrapper/gt_wizard.gtwizard_top_i/pcie4_uscale_plus_0_gt_i/inst/gen_gtwizard_gthe4_top.pcie4_uscale_plus_0_gt_gtwizard_gthe4_inst/gen_gtwizard_gthe4.gen_cpll_cal_gthe4.gen_cpll_cal_inst[3].gen_inst_cpll_cal.gtwizard_ultrascale_v1_7_20_gthe4_cpll_cal_inst/gtwizard_ultrascale_v1_7_20_gthe4_cpll_cal_tx_i/txoutclkmon  |             8.0 |
| sys_top_i/nvme_ctrl_0/inst/pcie4_uscale_plus_0_i/inst/pcie4_uscale_plus_0_gt_top_i/diablo_gt.diablo_gt_phy_wrapper/gt_wizard.gtwizard_top_i/pcie4_uscale_plus_0_gt_i/inst/gen_gtwizard_gthe4_top.pcie4_uscale_plus_0_gt_gtwizard_gthe4_inst/gen_gtwizard_gthe4.gen_cpll_cal_gthe4.gen_cpll_cal_inst[4].gen_inst_cpll_cal.gtwizard_ultrascale_v1_7_20_gthe4_cpll_cal_inst/gtwizard_ultrascale_v1_7_20_gthe4_cpll_cal_tx_i/bufg_gt_txoutclkmon_inst/O  | sys_top_i/nvme_ctrl_0/inst/pcie4_uscale_plus_0_i/inst/pcie4_uscale_plus_0_gt_top_i/diablo_gt.diablo_gt_phy_wrapper/gt_wizard.gtwizard_top_i/pcie4_uscale_plus_0_gt_i/inst/gen_gtwizard_gthe4_top.pcie4_uscale_plus_0_gt_gtwizard_gthe4_inst/gen_gtwizard_gthe4.gen_cpll_cal_gthe4.gen_cpll_cal_inst[4].gen_inst_cpll_cal.gtwizard_ultrascale_v1_7_20_gthe4_cpll_cal_inst/gtwizard_ultrascale_v1_7_20_gthe4_cpll_cal_tx_i/txoutclkmon  |             8.0 |
| sys_top_i/nvme_ctrl_0/inst/pcie4_uscale_plus_0_i/inst/pcie4_uscale_plus_0_gt_top_i/diablo_gt.diablo_gt_phy_wrapper/gt_wizard.gtwizard_top_i/pcie4_uscale_plus_0_gt_i/inst/gen_gtwizard_gthe4_top.pcie4_uscale_plus_0_gt_gtwizard_gthe4_inst/gen_gtwizard_gthe4.gen_cpll_cal_gthe4.gen_cpll_cal_inst[5].gen_inst_cpll_cal.gtwizard_ultrascale_v1_7_20_gthe4_cpll_cal_inst/gtwizard_ultrascale_v1_7_20_gthe4_cpll_cal_tx_i/bufg_gt_txoutclkmon_inst/O  | sys_top_i/nvme_ctrl_0/inst/pcie4_uscale_plus_0_i/inst/pcie4_uscale_plus_0_gt_top_i/diablo_gt.diablo_gt_phy_wrapper/gt_wizard.gtwizard_top_i/pcie4_uscale_plus_0_gt_i/inst/gen_gtwizard_gthe4_top.pcie4_uscale_plus_0_gt_gtwizard_gthe4_inst/gen_gtwizard_gthe4.gen_cpll_cal_gthe4.gen_cpll_cal_inst[5].gen_inst_cpll_cal.gtwizard_ultrascale_v1_7_20_gthe4_cpll_cal_inst/gtwizard_ultrascale_v1_7_20_gthe4_cpll_cal_tx_i/txoutclkmon  |             8.0 |
| sys_top_i/nvme_ctrl_0/inst/pcie4_uscale_plus_0_i/inst/pcie4_uscale_plus_0_gt_top_i/diablo_gt.diablo_gt_phy_wrapper/gt_wizard.gtwizard_top_i/pcie4_uscale_plus_0_gt_i/inst/gen_gtwizard_gthe4_top.pcie4_uscale_plus_0_gt_gtwizard_gthe4_inst/gen_gtwizard_gthe4.gen_cpll_cal_gthe4.gen_cpll_cal_inst[6].gen_inst_cpll_cal.gtwizard_ultrascale_v1_7_20_gthe4_cpll_cal_inst/gtwizard_ultrascale_v1_7_20_gthe4_cpll_cal_tx_i/bufg_gt_txoutclkmon_inst/O  | sys_top_i/nvme_ctrl_0/inst/pcie4_uscale_plus_0_i/inst/pcie4_uscale_plus_0_gt_top_i/diablo_gt.diablo_gt_phy_wrapper/gt_wizard.gtwizard_top_i/pcie4_uscale_plus_0_gt_i/inst/gen_gtwizard_gthe4_top.pcie4_uscale_plus_0_gt_gtwizard_gthe4_inst/gen_gtwizard_gthe4.gen_cpll_cal_gthe4.gen_cpll_cal_inst[6].gen_inst_cpll_cal.gtwizard_ultrascale_v1_7_20_gthe4_cpll_cal_inst/gtwizard_ultrascale_v1_7_20_gthe4_cpll_cal_tx_i/txoutclkmon  |             8.0 |
| sys_top_i/nvme_ctrl_0/inst/pcie4_uscale_plus_0_i/inst/pcie4_uscale_plus_0_gt_top_i/diablo_gt.diablo_gt_phy_wrapper/gt_wizard.gtwizard_top_i/pcie4_uscale_plus_0_gt_i/inst/gen_gtwizard_gthe4_top.pcie4_uscale_plus_0_gt_gtwizard_gthe4_inst/gen_gtwizard_gthe4.gen_cpll_cal_gthe4.gen_cpll_cal_inst[7].gen_inst_cpll_cal.gtwizard_ultrascale_v1_7_20_gthe4_cpll_cal_inst/gtwizard_ultrascale_v1_7_20_gthe4_cpll_cal_tx_i/bufg_gt_txoutclkmon_inst/O  | sys_top_i/nvme_ctrl_0/inst/pcie4_uscale_plus_0_i/inst/pcie4_uscale_plus_0_gt_top_i/diablo_gt.diablo_gt_phy_wrapper/gt_wizard.gtwizard_top_i/pcie4_uscale_plus_0_gt_i/inst/gen_gtwizard_gthe4_top.pcie4_uscale_plus_0_gt_gtwizard_gthe4_inst/gen_gtwizard_gthe4.gen_cpll_cal_gthe4.gen_cpll_cal_inst[7].gen_inst_cpll_cal.gtwizard_ultrascale_v1_7_20_gthe4_cpll_cal_inst/gtwizard_ultrascale_v1_7_20_gthe4_cpll_cal_tx_i/txoutclkmon  |             8.0 |
| sys_top_i/nvme_ctrl_0/inst/pcie4_uscale_plus_0_i/inst/pcie4_uscale_plus_0_gt_top_i/diablo_gt.diablo_gt_phy_wrapper/gt_wizard.gtwizard_top_i/pcie4_uscale_plus_0_gt_i/inst/gen_gtwizard_gthe4_top.pcie4_uscale_plus_0_gt_gtwizard_gthe4_inst/gen_gtwizard_gthe4.gen_cpll_cal_gthe4.gen_cpll_cal_inst[8].gen_inst_cpll_cal.gtwizard_ultrascale_v1_7_20_gthe4_cpll_cal_inst/gtwizard_ultrascale_v1_7_20_gthe4_cpll_cal_tx_i/bufg_gt_txoutclkmon_inst/O  | sys_top_i/nvme_ctrl_0/inst/pcie4_uscale_plus_0_i/inst/pcie4_uscale_plus_0_gt_top_i/diablo_gt.diablo_gt_phy_wrapper/gt_wizard.gtwizard_top_i/pcie4_uscale_plus_0_gt_i/inst/gen_gtwizard_gthe4_top.pcie4_uscale_plus_0_gt_gtwizard_gthe4_inst/gen_gtwizard_gthe4.gen_cpll_cal_gthe4.gen_cpll_cal_inst[8].gen_inst_cpll_cal.gtwizard_ultrascale_v1_7_20_gthe4_cpll_cal_inst/gtwizard_ultrascale_v1_7_20_gthe4_cpll_cal_tx_i/txoutclkmon  |             8.0 |
| sys_top_i/nvme_ctrl_0/inst/pcie4_uscale_plus_0_i/inst/pcie4_uscale_plus_0_gt_top_i/diablo_gt.diablo_gt_phy_wrapper/gt_wizard.gtwizard_top_i/pcie4_uscale_plus_0_gt_i/inst/gen_gtwizard_gthe4_top.pcie4_uscale_plus_0_gt_gtwizard_gthe4_inst/gen_gtwizard_gthe4.gen_cpll_cal_gthe4.gen_cpll_cal_inst[9].gen_inst_cpll_cal.gtwizard_ultrascale_v1_7_20_gthe4_cpll_cal_inst/gtwizard_ultrascale_v1_7_20_gthe4_cpll_cal_tx_i/bufg_gt_txoutclkmon_inst/O  | sys_top_i/nvme_ctrl_0/inst/pcie4_uscale_plus_0_i/inst/pcie4_uscale_plus_0_gt_top_i/diablo_gt.diablo_gt_phy_wrapper/gt_wizard.gtwizard_top_i/pcie4_uscale_plus_0_gt_i/inst/gen_gtwizard_gthe4_top.pcie4_uscale_plus_0_gt_gtwizard_gthe4_inst/gen_gtwizard_gthe4.gen_cpll_cal_gthe4.gen_cpll_cal_inst[9].gen_inst_cpll_cal.gtwizard_ultrascale_v1_7_20_gthe4_cpll_cal_inst/gtwizard_ultrascale_v1_7_20_gthe4_cpll_cal_tx_i/txoutclkmon  |             8.0 |
| sys_top_i/nvme_ctrl_0/inst/pcie4_uscale_plus_0_i/inst/pcie4_uscale_plus_0_gt_top_i/diablo_gt.diablo_gt_phy_wrapper/phy_clk_i/bufg_gt_intclk/O                                                                                                                                                                                                                                                                                                        | sys_top_i/nvme_ctrl_0/inst/pcie4_uscale_plus_0_i/inst/pcie4_uscale_plus_0_gt_top_i/diablo_gt.diablo_gt_phy_wrapper/phy_clk_i/CLK_INTCLK                                                                                                                                                                                                                                                                                               |          1000.0 |
| user_clk_out                                                                                                                                                                                                                                                                                                                                                                                                                                         | sys_top_i/nvme_ctrl_0/inst/pcie4_uscale_plus_0_i/inst/pcie4_uscale_plus_0_gt_top_i/diablo_gt.diablo_gt_phy_wrapper/phy_clk_i/CLK_USERCLK                                                                                                                                                                                                                                                                                              |             4.0 |
+------------------------------------------------------------------------------------------------------------------------------------------------------------------------------------------------------------------------------------------------------------------------------------------------------------------------------------------------------------------------------------------------------------------------------------------------------+---------------------------------------------------------------------------------------------------------------------------------------------------------------------------------------------------------------------------------------------------------------------------------------------------------------------------------------------------------------------------------------------------------------------------------------+-----------------+


3. Detailed Reports
-------------------

3.1 By Hierarchy
----------------

+-----------------------------+-----------+
| Name                        | Power (W) |
+-----------------------------+-----------+
| sys_top_wrapper             |     8.613 |
|   sys_top_i                 |     8.613 |
|     axi_bram_ctrl_0         |     0.001 |
|       U0                    |     0.001 |
|     axi_bram_ctrl_1         |     0.001 |
|       U0                    |     0.001 |
|     axi_bram_ctrl_2         |     0.001 |
|       U0                    |     0.001 |
|     axi_bram_ctrl_3         |     0.001 |
|       U0                    |     0.001 |
|     bch_sccs_256B_21B_13b_0 |     0.014 |
|       inst                  |     0.014 |
|     bch_sccs_256B_21B_13b_1 |     0.014 |
|       inst                  |     0.014 |
|     bch_sccs_256B_21B_13b_2 |     0.013 |
|       inst                  |     0.013 |
|     bch_sccs_256B_21B_13b_3 |     0.019 |
|       inst                  |     0.019 |
|     bch_skes_256B_21B_13b_0 |     0.022 |
|       inst                  |     0.022 |
|     blk_mem_gen_0           |     0.004 |
|       U0                    |     0.004 |
|     blk_mem_gen_1           |     0.004 |
|       U0                    |     0.004 |
|     blk_mem_gen_2           |     0.003 |
|       U0                    |     0.003 |
|     blk_mem_gen_3           |     0.004 |
|       U0                    |     0.004 |
|     gpic_0                  |     0.026 |
|       s00_couplers          |     0.026 |
|     gpic_0_sub              |     0.005 |
|       m00_couplers          |     0.002 |
|       m01_couplers          |     0.002 |
|       xbar                  |     0.001 |
|     gpic_0_sub_0            |     0.077 |
|       m00_couplers          |     0.009 |
|       m01_couplers          |     0.007 |
|       m02_couplers          |     0.008 |
|       m03_couplers          |     0.007 |
|       m04_couplers          |     0.008 |
|       m05_couplers          |     0.007 |
|       m06_couplers          |     0.009 |
|       m07_couplers          |     0.007 |
|       s00_couplers          |     0.006 |
|       xbar                  |     0.009 |
|     gpic_1                  |     0.018 |
|       m01_couplers          |     0.003 |
|       s00_couplers          |     0.014 |
|       xbar                  |     0.002 |
|     hpic_0                  |     0.077 |
|       s00_couplers          |     0.017 |
|       s01_couplers          |     0.016 |
|       s02_couplers          |     0.016 |
|       s03_couplers          |     0.016 |
|       xbar                  |     0.013 |
|     iodelay_if_0            |     0.003 |
|       inst                  |     0.003 |
|     iodelay_if_0_dqs        |     0.003 |
|       inst                  |     0.003 |
|     nvme_ctrl_0             |     5.584 |
|       inst                  |     5.584 |
|     pll_bank10              |     0.099 |
|       inst                  |     0.099 |
|     pll_bank11              |     0.099 |
|       inst                  |     0.099 |
|     pll_bank12              |     0.099 |
|       inst                  |     0.099 |
|     pll_bank13              |     0.099 |
|       inst                  |     0.099 |
|     smartconnect_0          |     0.063 |
|       inst                  |     0.063 |
|     t4nfc_hlper_0           |     0.023 |
|       inst                  |     0.023 |
|     t4nfc_hlper_1           |     0.023 |
|       inst                  |     0.023 |
|     t4nfc_hlper_2           |     0.023 |
|       inst                  |     0.023 |
|     t4nfc_hlper_3           |     0.023 |
|       inst                  |     0.023 |
|     v2nfc_0                 |     0.114 |
|       inst                  |     0.114 |
|     v2nfc_1                 |     0.114 |
|       inst                  |     0.114 |
|     v2nfc_2                 |     0.114 |
|       inst                  |     0.114 |
|     v2nfc_3                 |     0.114 |
|       inst                  |     0.114 |
|     zynq_ultra_ps_e_0       |     1.712 |
|       inst                  |     1.712 |
+-----------------------------+-----------+


